{"timestamp":"2026-08-29T17:52:31.715647Z","level":"INFO","fields":{"message":"python/3.14.4; huggingface_hub/1.29.0; hf_xet/1.6.0; , xet-core revision de71453"},"filename":"/home/runner/work/xet-core/xet-core/xet_runtime/src/logging/init.rs","line_number":71}
{"timestamp":"2026-08-29T17:52:31.715666Z","level":"INFO","fields":{"message":"hf_xet logging configured."},"filename":"src/logging.rs","line_number":36}
{"timestamp":"2026-08-29T17:52:31.862583Z","level":"INFO","fields":{"message":"Config: min_spacing_between_global_dedup_queries = 256 (default)"},"filename":"/home/runner/work/xet-core/xet-core/xet_runtime/src/utils/configuration_utils.rs","line_number":54}
{"timestamp":"2026-08-29T17:52:31.862599Z","level":"INFO","fields":{"message":"Config: local_cas_scheme = \"local://\" (default)"},"filename":"/home/runner/work/xet-core/xet-core/xet_runtime/src/utils/configuration_utils.rs","line_number":54}
{"timestamp":"2026-08-29T17:52:31.862603Z","level":"INFO","fields":{"message":"Config: max_concurrent_file_ingestion = 8 (default)"},"filename":"/home/runner/work/xet-core/xet-core/xet_runtime/src/utils/configuration_utils.rs","line_number":54}
{"timestamp":"2026-08-29T17:52:31.862607Z","level":"INFO","fields":{"message":"Config: max_concurrent_file_downloads = 8 (default)"},"filename":"/home/runner/work/xet-core/xet-core/xet_runtime/src/utils/configuration_utils.rs","line_number":54}
{"timestamp":"2026-08-29T17:52:31.862611Z","level":"INFO","fields":{"message":"Config: ingestion_block_size = 8MB (default)"},"filename":"/home/runner/work/xet-core/xet-core/xet_runtime/src/utils/configuration_utils.rs","line_number":54}
{"timestamp":"2026-08-29T17:52:31.862615Z","level":"INFO","fields":{"message":"Config: progress_update_interval = 200ms (default)"},"filename":"/home/runner/work/xet-core/xet-core/xet_runtime/src/utils/configuration_utils.rs","line_number":54}
{"timestamp":"2026-08-29T17:52:31.862619Z","level":"INFO","fields":{"message":"Config: progress_update_speed_sampling_window = 10s (default)"},"filename":"/home/runner/work/xet-core/xet-core/xet_runtime/src/utils/configuration_utils.rs","line_number":54}
{"timestamp":"2026-08-29T17:52:31.862622Z","level":"INFO","fields":{"message":"Config: progress_update_speed_min_observations = 4 (default)"},"filename":"/home/runner/work/xet-core/xet-core/xet_runtime/src/utils/configuration_utils.rs","line_number":54}
{"timestamp":"2026-08-29T17:52:31.862626Z","level":"INFO","fields":{"message":"Config: session_xorb_metadata_flush_interval = 20s (default)"},"filename":"/home/runner/work/xet-core/xet-core/xet_runtime/src/utils/configuration_utils.rs","line_number":54}
{"timestamp":"2026-08-29T17:52:31.862630Z","level":"INFO","fields":{"message":"Config: session_xorb_metadata_flush_max_count = 64 (default)"},"filename":"/home/runner/work/xet-core/xet-core/xet_runtime/src/utils/configuration_utils.rs","line_number":54}
{"timestamp":"2026-08-29T17:52:31.862633Z","level":"INFO","fields":{"message":"Config: default_cas_endpoint = \"http://localhost:8080\" (default)"},"filename":"/home/runner/work/xet-core/xet-core/xet_runtime/src/utils/configuration_utils.rs","line_number":54}
{"timestamp":"2026-08-29T17:52:31.862637Z","level":"INFO","fields":{"message":"Config: aggregate_progress = true (default)"},"filename":"/home/runner/work/xet-core/xet-core/xet_runtime/src/utils/configuration_utils.rs","line_number":54}
{"timestamp":"2026-08-29T17:52:31.862640Z","level":"INFO","fields":{"message":"Config: default_prefix = \"default\" (default)"},"filename":"/home/runner/work/xet-core/xet-core/xet_runtime/src/utils/configuration_utils.rs","line_number":54}
{"timestamp":"2026-08-29T17:52:31.862643Z","level":"INFO","fields":{"message":"Config: staging_subdir = \"staging\" (default)"},"filename":"/home/runner/work/xet-core/xet-core/xet_runtime/src/utils/configuration_utils.rs","line_number":54}
{"timestamp":"2026-08-29T17:52:31.862648Z","level":"INFO","fields":{"message":"Config: target_size = 67108864 (default)"},"filename":"/home/runner/work/xet-core/xet-core/xet_runtime/src/utils/configuration_utils.rs","line_number":54}
{"timestamp":"2026-08-29T17:52:31.862651Z","level":"INFO","fields":{"message":"Config: max_target_size = 67108864 (default)"},"filename":"/home/runner/work/xet-core/xet-core/xet_runtime/src/utils/configuration_utils.rs","line_number":54}
{"timestamp":"2026-08-29T17:52:31.862655Z","level":"INFO","fields":{"message":"Config: cache_size_limit = 16GB (default)"},"filename":"/home/runner/work/xet-core/xet-core/xet_runtime/src/utils/configuration_utils.rs","line_number":54}
{"timestamp":"2026-08-29T17:52:31.862659Z","level":"INFO","fields":{"message":"Config: chunk_index_table_max_size = 67108864 (default)"},"filename":"/home/runner/work/xet-core/xet-core/xet_runtime/src/utils/configuration_utils.rs","line_number":54}
{"timestamp":"2026-08-29T17:52:31.862662Z","level":"INFO","fields":{"message":"Config: cache_subdir = \"shard-cache\" (default)"},"filename":"/home/runner/work/xet-core/xet-core/xet_runtime/src/utils/configuration_utils.rs","line_number":54}
{"timestamp":"2026-08-29T17:52:31.862665Z","level":"INFO","fields":{"message":"Config: nranges_in_streaming_fragmentation_estimator = 128 (default)"},"filename":"/home/runner/work/xet-core/xet-core/xet_runtime/src/utils/configuration_utils.rs","line_number":54}
{"timestamp":"2026-08-29T17:52:31.862669Z","level":"INFO","fields":{"message":"Config: min_n_chunks_per_range_hysteresis_factor = 0.5 (default)"},"filename":"/home/runner/work/xet-core/xet-core/xet_runtime/src/utils/configuration_utils.rs","line_number":54}
{"timestamp":"2026-08-29T17:52:31.862673Z","level":"INFO","fields":{"message":"Config: min_n_chunks_per_range = 8.0 (default)"},"filename":"/home/runner/work/xet-core/xet-core/xet_runtime/src/utils/configuration_utils.rs","line_number":54}
{"timestamp":"2026-08-29T17:52:31.862677Z","level":"INFO","fields":{"message":"Config: global_dedup_query_enabled = true (default)"},"filename":"/home/runner/work/xet-core/xet-core/xet_runtime/src/utils/configuration_utils.rs","line_number":54}
{"timestamp":"2026-08-29T17:52:31.862680Z","level":"INFO","fields":{"message":"Config: size_bytes = 0 (default)"},"filename":"/home/runner/work/xet-core/xet-core/xet_runtime/src/utils/configuration_utils.rs","line_number":54}
{"timestamp":"2026-08-29T17:52:31.862684Z","level":"INFO","fields":{"message":"Config: retry_max_attempts = 5 (default)"},"filename":"/home/runner/work/xet-core/xet-core/xet_runtime/src/utils/configuration_utils.rs","line_number":54}
{"timestamp":"2026-08-29T17:52:31.862687Z","level":"INFO","fields":{"message":"Config: retry_base_delay = 3s (default)"},"filename":"/home/runner/work/xet-core/xet-core/xet_runtime/src/utils/configuration_utils.rs","line_number":54}
{"timestamp":"2026-08-29T17:52:31.862690Z","level":"INFO","fields":{"message":"Config: retry_max_duration = 360s (default)"},"filename":"/home/runner/work/xet-core/xet-core/xet_runtime/src/utils/configuration_utils.rs","line_number":54}
{"timestamp":"2026-08-29T17:52:31.862695Z","level":"INFO","fields":{"message":"Config: idle_connection_timeout = 60s (default)"},"filename":"/home/runner/work/xet-core/xet-core/xet_runtime/src/utils/configuration_utils.rs","line_number":54}
{"timestamp":"2026-08-29T17:52:31.862698Z","level":"INFO","fields":{"message":"Config: max_idle_connections = 16 (default)"},"filename":"/home/runner/work/xet-core/xet-core/xet_runtime/src/utils/configuration_utils.rs","line_number":54}
{"timestamp":"2026-08-29T17:52:31.862701Z","level":"INFO","fields":{"message":"Config: connect_timeout = 60s (default)"},"filename":"/home/runner/work/xet-core/xet-core/xet_runtime/src/utils/configuration_utils.rs","line_number":54}
{"timestamp":"2026-08-29T17:52:31.862704Z","level":"INFO","fields":{"message":"Config: read_timeout = 300s (default)"},"filename":"/home/runner/work/xet-core/xet-core/xet_runtime/src/utils/configuration_utils.rs","line_number":54}
{"timestamp":"2026-08-29T17:52:31.862708Z","level":"INFO","fields":{"message":"Config: upload_reporting_block_size = 524288 (default)"},"filename":"/home/runner/work/xet-core/xet-core/xet_runtime/src/utils/configuration_utils.rs","line_number":54}
{"timestamp":"2026-08-29T17:52:31.862711Z","level":"INFO","fields":{"message":"Config: enable_adaptive_concurrency = true (default)"},"filename":"/home/runner/work/xet-core/xet-core/xet_runtime/src/utils/configuration_utils.rs","line_number":54}
{"timestamp":"2026-08-29T17:52:31.862714Z","level":"INFO","fields":{"message":"Config: ac_min_adjustment_window_ms = 500 (default)"},"filename":"/home/runner/work/xet-core/xet-core/xet_runtime/src/utils/configuration_utils.rs","line_number":54}
{"timestamp":"2026-08-29T17:52:31.862717Z","level":"INFO","fields":{"message":"Config: ac_min_bytes_required_for_adjustment = 20MB (default)"},"filename":"/home/runner/work/xet-core/xet-core/xet_runtime/src/utils/configuration_utils.rs","line_number":54}
{"timestamp":"2026-08-29T17:52:31.862720Z","level":"INFO","fields":{"message":"Config: ac_num_transmissions_required_for_adjustment = 1 (default)"},"filename":"/home/runner/work/xet-core/xet-core/xet_runtime/src/utils/configuration_utils.rs","line_number":54}
{"timestamp":"2026-08-29T17:52:31.862723Z","level":"INFO","fields":{"message":"Config: ac_latency_rtt_half_life = 64.0 (default)"},"filename":"/home/runner/work/xet-core/xet-core/xet_runtime/src/utils/configuration_utils.rs","line_number":54}
{"timestamp":"2026-08-29T17:52:31.862727Z","level":"INFO","fields":{"message":"Config: ac_success_tracking_half_life = 8.0 (default)"},"filename":"/home/runner/work/xet-core/xet-core/xet_runtime/src/utils/configuration_utils.rs","line_number":54}
{"timestamp":"2026-08-29T17:52:31.862731Z","level":"INFO","fields":{"message":"Config: ac_target_rtt = 60s (default)"},"filename":"/home/runner/work/xet-core/xet-core/xet_runtime/src/utils/configuration_utils.rs","line_number":54}
{"timestamp":"2026-08-29T17:52:31.862734Z","level":"INFO","fields":{"message":"Config: ac_max_healthy_rtt = 90s (default)"},"filename":"/home/runner/work/xet-core/xet-core/xet_runtime/src/utils/configuration_utils.rs","line_number":54}
{"timestamp":"2026-08-29T17:52:31.862738Z","level":"INFO","fields":{"message":"Config: ac_rtt_success_max_quantile = 0.95 (default)"},"filename":"/home/runner/work/xet-core/xet-core/xet_runtime/src/utils/configuration_utils.rs","line_number":54}
{"timestamp":"2026-08-29T17:52:31.862741Z","level":"INFO","fields":{"message":"Config: ac_healthy_success_ratio_threshold = 0.8 (default)"},"filename":"/home/runner/work/xet-core/xet-core/xet_runtime/src/utils/configuration_utils.rs","line_number":54}
{"timestamp":"2026-08-29T17:52:31.862744Z","level":"INFO","fields":{"message":"Config: ac_unhealthy_success_ratio_threshold = 0.5 (default)"},"filename":"/home/runner/work/xet-core/xet-core/xet_runtime/src/utils/configuration_utils.rs","line_number":54}
{"timestamp":"2026-08-29T17:52:31.862747Z","level":"INFO","fields":{"message":"Config: ac_max_reference_transmission_size = 64MB (default)"},"filename":"/home/runner/work/xet-core/xet-core/xet_runtime/src/utils/configuration_utils.rs","line_number":54}
{"timestamp":"2026-08-29T17:52:31.862751Z","level":"INFO","fields":{"message":"Config: ac_min_reference_transmission_size = 1MB (default)"},"filename":"/home/runner/work/xet-core/xet-core/xet_runtime/src/utils/configuration_utils.rs","line_number":54}
{"timestamp":"2026-08-29T17:52:31.862754Z","level":"INFO","fields":{"message":"Config: ac_logging_interval_ms = 10000 (default)"},"filename":"/home/runner/work/xet-core/xet-core/xet_runtime/src/utils/configuration_utils.rs","line_number":54}
{"timestamp":"2026-08-29T17:52:31.862758Z","level":"INFO","fields":{"message":"Config: ac_max_upload_concurrency = 64 (default)"},"filename":"/home/runner/work/xet-core/xet-core/xet_runtime/src/utils/configuration_utils.rs","line_number":54}
{"timestamp":"2026-08-29T17:52:31.862762Z","level":"INFO","fields":{"message":"Config: ac_min_upload_concurrency = 1 (default)"},"filename":"/home/runner/work/xet-core/xet-core/xet_runtime/src/utils/configuration_utils.rs","line_number":54}
{"timestamp":"2026-08-29T17:52:31.862766Z","level":"INFO","fields":{"message":"Config: ac_initial_upload_concurrency = 2 (default)"},"filename":"/home/runner/work/xet-core/xet-core/xet_runtime/src/utils/configuration_utils.rs","line_number":54}
{"timestamp":"2026-08-29T17:52:31.862769Z","level":"INFO","fields":{"message":"Config: ac_max_download_concurrency = 64 (default)"},"filename":"/home/runner/work/xet-core/xet-core/xet_runtime/src/utils/configuration_utils.rs","line_number":54}
{"timestamp":"2026-08-29T17:52:31.862772Z","level":"INFO","fields":{"message":"Config: ac_min_download_concurrency = 1 (default)"},"filename":"/home/runner/work/xet-core/xet-core/xet_runtime/src/utils/configuration_utils.rs","line_number":54}
{"timestamp":"2026-08-29T17:52:31.862775Z","level":"INFO","fields":{"message":"Config: ac_initial_download_concurrency = 4 (default)"},"filename":"/home/runner/work/xet-core/xet-core/xet_runtime/src/utils/configuration_utils.rs","line_number":54}
{"timestamp":"2026-08-29T17:52:31.862779Z","level":"INFO","fields":{"message":"Config: unix_socket_path = None (default)"},"filename":"/home/runner/work/xet-core/xet-core/xet_runtime/src/utils/configuration_utils.rs","line_number":54}
{"timestamp":"2026-08-29T17:52:31.862782Z","level":"INFO","fields":{"message":"Config: reconstruction_api_version = None (default)"},"filename":"/home/runner/work/xet-core/xet-core/xet_runtime/src/utils/configuration_utils.rs","line_number":54}
{"timestamp":"2026-08-29T17:52:31.862785Z","level":"INFO","fields":{"message":"Config: shard_api_version = None (default)"},"filename":"/home/runner/work/xet-core/xet-core/xet_runtime/src/utils/configuration_utils.rs","line_number":54}
{"timestamp":"2026-08-29T17:52:31.862789Z","level":"INFO","fields":{"message":"Config: enable_multirange_fetching = false (default)"},"filename":"/home/runner/work/xet-core/xet-core/xet_runtime/src/utils/configuration_utils.rs","line_number":54}
{"timestamp":"2026-08-29T17:52:31.862792Z","level":"INFO","fields":{"message":"Config: dest = None (default)"},"filename":"/home/runner/work/xet-core/xet-core/xet_runtime/src/utils/configuration_utils.rs","line_number":54}
{"timestamp":"2026-08-29T17:52:31.862796Z","level":"INFO","fields":{"message":"Config: format = None (default)"},"filename":"/home/runner/work/xet-core/xet-core/xet_runtime/src/utils/configuration_utils.rs","line_number":54}
{"timestamp":"2026-08-29T17:52:31.862813Z","level":"INFO","fields":{"message":"Config: prefix = \"xet\" (default)"},"filename":"/home/runner/work/xet-core/xet-core/xet_runtime/src/utils/configuration_utils.rs","line_number":54}
{"timestamp":"2026-08-29T17:52:31.862816Z","level":"INFO","fields":{"message":"Config: dir_disable_cleanup = false (default)"},"filename":"/home/runner/work/xet-core/xet-core/xet_runtime/src/utils/configuration_utils.rs","line_number":54}
{"timestamp":"2026-08-29T17:52:31.862820Z","level":"INFO","fields":{"message":"Config: dir_max_size = 250MB (default)"},"filename":"/home/runner/work/xet-core/xet-core/xet_runtime/src/utils/configuration_utils.rs","line_number":54}
{"timestamp":"2026-08-29T17:52:31.862823Z","level":"INFO","fields":{"message":"Config: dir_min_deletion_age = 86400s (default)"},"filename":"/home/runner/work/xet-core/xet-core/xet_runtime/src/utils/configuration_utils.rs","line_number":54}
{"timestamp":"2026-08-29T17:52:31.862825Z","level":"INFO","fields":{"message":"Config: dir_max_retention_age = 1209600s (default)"},"filename":"/home/runner/work/xet-core/xet-core/xet_runtime/src/utils/configuration_utils.rs","line_number":54}
{"timestamp":"2026-08-29T17:52:31.862829Z","level":"INFO","fields":{"message":"Config: min_reconstruction_fetch_size = 256MB (default)"},"filename":"/home/runner/work/xet-core/xet-core/xet_runtime/src/utils/configuration_utils.rs","line_number":54}
{"timestamp":"2026-08-29T17:52:31.862833Z","level":"INFO","fields":{"message":"Config: max_reconstruction_fetch_size = 8GB (default)"},"filename":"/home/runner/work/xet-core/xet-core/xet_runtime/src/utils/configuration_utils.rs","line_number":54}
{"timestamp":"2026-08-29T17:52:31.862837Z","level":"INFO","fields":{"message":"Config: download_buffer_size = 2GB (default)"},"filename":"/home/runner/work/xet-core/xet-core/xet_runtime/src/utils/configuration_utils.rs","line_number":54}
{"timestamp":"2026-08-29T17:52:31.862841Z","level":"INFO","fields":{"message":"Config: download_buffer_perfile_size = 512MB (default)"},"filename":"/home/runner/work/xet-core/xet-core/xet_runtime/src/utils/configuration_utils.rs","line_number":54}
{"timestamp":"2026-08-29T17:52:31.862845Z","level":"INFO","fields":{"message":"Config: download_buffer_limit = 8GB (default)"},"filename":"/home/runner/work/xet-core/xet-core/xet_runtime/src/utils/configuration_utils.rs","line_number":54}
{"timestamp":"2026-08-29T17:52:31.862847Z","level":"INFO","fields":{"message":"Config: completion_rate_estimator_half_life = 4.0 (default)"},"filename":"/home/runner/work/xet-core/xet-core/xet_runtime/src/utils/configuration_utils.rs","line_number":54}
{"timestamp":"2026-08-29T17:52:31.862851Z","level":"INFO","fields":{"message":"Config: target_block_completion_time = 900s (default)"},"filename":"/home/runner/work/xet-core/xet-core/xet_runtime/src/utils/configuration_utils.rs","line_number":54}
{"timestamp":"2026-08-29T17:52:31.862855Z","level":"INFO","fields":{"message":"Config: min_prefetch_buffer = 1GB (default)"},"filename":"/home/runner/work/xet-core/xet-core/xet_runtime/src/utils/configuration_utils.rs","line_number":54}
{"timestamp":"2026-08-29T17:52:31.862857Z","level":"INFO","fields":{"message":"Config: use_vectored_write = true (default)"},"filename":"/home/runner/work/xet-core/xet-core/xet_runtime/src/utils/configuration_utils.rs","line_number":54}
{"timestamp":"2026-08-29T17:52:31.862861Z","level":"INFO","fields":{"message":"Config: compression_scheme_retest_interval = 32 (default)"},"filename":"/home/runner/work/xet-core/xet-core/xet_runtime/src/utils/configuration_utils.rs","line_number":54}
{"timestamp":"2026-08-29T17:52:31.862865Z","level":"INFO","fields":{"message":"Config: compression_policy = \"auto\" (default)"},"filename":"/home/runner/work/xet-core/xet-core/xet_runtime/src/utils/config_enum.rs","line_number":174}
{"timestamp":"2026-08-29T17:52:31.862869Z","level":"INFO","fields":{"message":"Config: simulation_max_bytes = None (default)"},"filename":"/home/runner/work/xet-core/xet-core/xet_runtime/src/utils/configuration_utils.rs","line_number":54}
{"timestamp":"2026-08-29T17:52:31.862872Z","level":"INFO","fields":{"message":"Config: simulation_max_chunks = None (default)"},"filename":"/home/runner/work/xet-core/xet-core/xet_runtime/src/utils/configuration_utils.rs","line_number":54}
{"timestamp":"2026-08-29T17:52:31.862877Z","level":"INFO","fields":{"message":"Config: dir_name = \"shard-session\" (default)"},"filename":"/home/runner/work/xet-core/xet-core/xet_runtime/src/utils/configuration_utils.rs","line_number":54}
{"timestamp":"2026-08-29T17:52:31.862881Z","level":"INFO","fields":{"message":"Config: enabled = false (default)"},"filename":"/home/runner/work/xet-core/xet-core/xet_runtime/src/utils/configuration_utils.rs","line_number":54}
{"timestamp":"2026-08-29T17:52:31.862884Z","level":"INFO","fields":{"message":"Config: sample_interval = 5s (default)"},"filename":"/home/runner/work/xet-core/xet-core/xet_runtime/src/utils/configuration_utils.rs","line_number":54}
{"timestamp":"2026-08-29T17:52:31.862887Z","level":"INFO","fields":{"message":"Config: log_path = None (default)"},"filename":"/home/runner/work/xet-core/xet-core/xet_runtime/src/utils/configuration_utils.rs","line_number":54}
{"timestamp":"2026-08-29T17:52:31.863034Z","level":"INFO","fields":{"message":"Using 12 async threads for tokio runtime"},"filename":"/home/runner/work/xet-core/xet-core/xet_runtime/src/core/runtime/native.rs","line_number":63}
{"timestamp":"2026-08-29T17:52:31.863659Z","level":"INFO","fields":{"message":"Session created, session_id=01a04ea6-d677-7a63-ba04-1b6d0099af75"},"filename":"/home/runner/work/xet-core/xet-core/xet_pkg/src/xet_session/session.rs","line_number":192}
{"timestamp":"2026-08-29T17:52:31.864188Z","level":"INFO","fields":{"message":"CAS auth disabled","caller":"/home/runner/work/xet-core/xet-core/xet_client/src/common/http_client.rs:166"},"filename":"/home/runner/work/xet-core/xet-core/xet_runtime/src/error_printer/mod.rs","line_number":198}
{"timestamp":"2026-08-29T17:52:31.869605Z","level":"INFO","fields":{"message":"HTTP client configured","idle_timeout":"60s","max_idle_connections":16,"custom_headers":"Some({\"user-agent\": \"unknown/None; hf_hub/1.29.0; python/3.14.4; transformers/5.16.1; session_id/6e71243e3b6d4612a95dcac56a7d5d60; file_type/tokenizer; from_auto_class/True\"})"},"filename":"/home/runner/work/xet-core/xet-core/xet_client/src/common/http_client.rs","line_number":187}
{"timestamp":"2026-08-29T17:52:31.869760Z","level":"INFO","fields":{"message":"TranslatorConfig initialized","endpoint":"https://cas-server.xethub.hf.co","session_id":"Some(\"01a04ea6-d67d-7311-a404-7e624bdfa2a6\")","shard_cache":"/home/ahmed-walled/Projects/ATE-ACTER/ate-acter/.hf/xet/https___cas_serv-tGqkUaZf_CBPHQ6h/shard-cache","shard_session":"/home/ahmed-walled/Projects/ATE-ACTER/ate-acter/.hf/xet/https___cas_serv-tGqkUaZf_CBPHQ6h/staging/shard-session"},"filename":"/home/runner/work/xet-core/xet-core/xet_data/src/processing/configurations.rs","line_number":127}
{"timestamp":"2026-08-29T17:52:31.874975Z","level":"INFO","fields":{"message":"HTTP client configured","idle_timeout":"60s","max_idle_connections":16,"custom_headers":"Some({\"user-agent\": \"unknown/None; hf_hub/1.29.0; python/3.14.4; transformers/5.16.1; session_id/6e71243e3b6d4612a95dcac56a7d5d60; file_type/tokenizer; from_auto_class/True; hf_xet/1.6.0\"})"},"filename":"/home/runner/work/xet-core/xet-core/xet_client/src/common/http_client.rs","line_number":187}
{"timestamp":"2026-08-29T17:52:31.874999Z","level":"INFO","fields":{"message":"CAS auth disabled","caller":"/home/runner/work/xet-core/xet-core/xet_client/src/common/http_client.rs:166"},"filename":"/home/runner/work/xet-core/xet-core/xet_runtime/src/error_printer/mod.rs","line_number":198}
{"timestamp":"2026-08-29T17:52:31.875006Z","level":"INFO","fields":{"message":"HTTP client configured","idle_timeout":"60s","max_idle_connections":16,"custom_headers":"Some({\"user-agent\": \"unknown/None; hf_hub/1.29.0; python/3.14.4; transformers/5.16.1; session_id/6e71243e3b6d4612a95dcac56a7d5d60; file_type/tokenizer; from_auto_class/True; hf_xet/1.6.0\"})"},"filename":"/home/runner/work/xet-core/xet-core/xet_client/src/common/http_client.rs","line_number":187}
{"timestamp":"2026-08-29T17:52:31.880974Z","level":"INFO","fields":{"message":"No-read-timeout HTTP client configured (for shard uploads)","connect_timeout":"60s"},"filename":"/home/runner/work/xet-core/xet-core/xet_client/src/common/http_client.rs","line_number":136}
{"timestamp":"2026-08-29T17:52:31.881018Z","level":"INFO","fields":{"message":"Initializing Adaptive Concurrency Controller for upload with starting concurrency = 2; min = 1, max = 64, min_bytes_for_adjustment = 20000000, min_completed_transmissions_for_adjustment = 1"},"filename":"/home/runner/work/xet-core/xet-core/xet_client/src/cas_client/adaptive_concurrency/controller.rs","line_number":306}
{"timestamp":"2026-08-29T17:52:31.881030Z","level":"INFO","fields":{"message":"Initializing Adaptive Concurrency Controller for download with starting concurrency = 4; min = 1, max = 64, min_bytes_for_adjustment = 20000000, min_completed_transmissions_for_adjustment = 1"},"filename":"/home/runner/work/xet-core/xet-core/xet_client/src/cas_client/adaptive_concurrency/controller.rs","line_number":306}
{"timestamp":"2026-08-29T17:52:31.881343Z","level":"INFO","fields":{"message":"New file download group, session_id=01a04ea6-d677-7a63-ba04-1b6d0099af75, group_id=1"},"filename":"/home/runner/work/xet-core/xet-core/xet_pkg/src/xet_session/file_download_group.rs","line_number":61}
{"timestamp":"2026-08-29T17:52:31.881569Z","level":"INFO","fields":{"message":"Download file to path","group_id":"1","dest_path":"\"/home/ahmed-walled/Projects/ATE-ACTER/ate-acter/.hf/hub/models--microsoft--deberta-v3-base/blobs/c679fbf93643d19aab7ee10c0b99e460bdbc02fedf34b92b05af343b4af586fd.86b34a84.incomplete\"","hash":"ceef70ee5c068f2e8ec2ea787d1566d2f5846b612f0e0a3879edffa246dc91cf"},"filename":"/home/runner/work/xet-core/xet-core/xet_pkg/src/xet_session/file_download_group.rs","line_number":287}
{"timestamp":"2026-08-29T17:52:31.881665Z","level":"INFO","fields":{"message":"Reconstructing file to disk","file_hash":"ceef70ee5c068f2e8ec2ea787d1566d2f5846b612f0e0a3879edffa246dc91cf","byte_range":"None","path":"/home/ahmed-walled/Projects/ATE-ACTER/ate-acter/.hf/hub/models--microsoft--deberta-v3-base/blobs/c679fbf93643d19aab7ee10c0b99e460bdbc02fedf34b92b05af343b4af586fd.86b34a84.incomplete","write_offset":"None"},"filename":"/home/runner/work/xet-core/xet-core/xet_data/src/file_reconstruction/file_reconstructor.rs","line_number":126}
{"timestamp":"2026-08-29T17:52:31.881853Z","level":"INFO","fields":{"message":"Download group finish","group_id":"1"},"filename":"/home/runner/work/xet-core/xet-core/xet_pkg/src/xet_session/file_download_group.rs","line_number":306}
{"timestamp":"2026-08-29T17:52:31.881876Z","level":"INFO","fields":{"message":"Scheduling prefetch block","file_hash":"ceef70ee5c068f2e8ec2ea787d1566d2f5846b612f0e0a3879edffa246dc91cf","prefetch_range":"(0, 256000000)","requested_block_size":256000000,"actual_block_size":256000000,"queue_depth":1},"filename":"/home/runner/work/xet-core/xet-core/xet_data/src/file_reconstruction/reconstruction_terms/manager.rs","line_number":277}
{"timestamp":"2026-08-29T17:52:31.881889Z","level":"INFO","fields":{"message":"Scheduling prefetch block","file_hash":"ceef70ee5c068f2e8ec2ea787d1566d2f5846b612f0e0a3879edffa246dc91cf","prefetch_range":"(256000000, 768000000)","requested_block_size":512000000,"actual_block_size":512000000,"queue_depth":2},"filename":"/home/runner/work/xet-core/xet-core/xet_data/src/file_reconstruction/reconstruction_terms/manager.rs","line_number":277}
{"timestamp":"2026-08-29T17:52:31.881898Z","level":"INFO","fields":{"message":"Scheduling prefetch block","file_hash":"ceef70ee5c068f2e8ec2ea787d1566d2f5846b612f0e0a3879edffa246dc91cf","prefetch_range":"(768000000, 1024000000)","requested_block_size":256000000,"actual_block_size":256000000,"queue_depth":3},"filename":"/home/runner/work/xet-core/xet-core/xet_data/src/file_reconstruction/reconstruction_terms/manager.rs","line_number":277}
{"timestamp":"2026-08-29T17:52:31.881921Z","level":"INFO","fields":{"message":"Starting get_reconstruction API call","call_id":1,"file_id":"ceef70ee5c068f2e8ec2ea787d1566d2f5846b612f0e0a3879edffa246dc91cf","bytes_range":"Some(Range { start: 768000000, end: 1024000000 })","api_version":"v2"},"filename":"/home/runner/work/xet-core/xet-core/xet_client/src/cas_client/remote_client.rs","line_number":214}
{"timestamp":"2026-08-29T17:52:31.881930Z","level":"INFO","fields":{"message":"Retry strategy","retry":"RetryWrapper { max_attempts: 5, base_delay: 3s, max_duration: 360s, no_retry_on_429: false, retry_on_403: false, expected_416: true, expected_404: false, log_errors_as_info: false, api_tag: \"cas::get_reconstruction_v2\", has_connection_permit: false }"},"filename":"/home/runner/work/xet-core/xet-core/xet_client/src/cas_client/retry_wrapper.rs","line_number":274}
{"timestamp":"2026-08-29T17:52:31.882114Z","level":"INFO","fields":{"message":"Starting get_reconstruction API call","call_id":2,"file_id":"ceef70ee5c068f2e8ec2ea787d1566d2f5846b612f0e0a3879edffa246dc91cf","bytes_range":"Some(Range { start: 0, end: 256000000 })","api_version":"v2"},"filename":"/home/runner/work/xet-core/xet-core/xet_client/src/cas_client/remote_client.rs","line_number":214}
{"timestamp":"2026-08-29T17:52:31.882123Z","level":"INFO","fields":{"message":"Retry strategy","retry":"RetryWrapper { max_attempts: 5, base_delay: 3s, max_duration: 360s, no_retry_on_429: false, retry_on_403: false, expected_416: true, expected_404: false, log_errors_as_info: false, api_tag: \"cas::get_reconstruction_v2\", has_connection_permit: false }"},"filename":"/home/runner/work/xet-core/xet-core/xet_client/src/cas_client/retry_wrapper.rs","line_number":274}
{"timestamp":"2026-08-29T17:52:31.882227Z","level":"INFO","fields":{"message":"Starting get_reconstruction API call","call_id":3,"file_id":"ceef70ee5c068f2e8ec2ea787d1566d2f5846b612f0e0a3879edffa246dc91cf","bytes_range":"Some(Range { start: 256000000, end: 768000000 })","api_version":"v2"},"filename":"/home/runner/work/xet-core/xet-core/xet_client/src/cas_client/remote_client.rs","line_number":214}
{"timestamp":"2026-08-29T17:52:31.882234Z","level":"INFO","fields":{"message":"Retry strategy","retry":"RetryWrapper { max_attempts: 5, base_delay: 3s, max_duration: 360s, no_retry_on_429: false, retry_on_403: false, expected_416: true, expected_404: false, log_errors_as_info: false, api_tag: \"cas::get_reconstruction_v2\", has_connection_permit: false }"},"filename":"/home/runner/work/xet-core/xet-core/xet_client/src/cas_client/retry_wrapper.rs","line_number":274}
{"timestamp":"2026-08-29T17:52:32.494293Z","level":"INFO","fields":{"message":"Received CAS response","request_id":"01M17ADP57WYFPNG6FP1G24T9A","status_code":416},"filename":"/home/runner/work/xet-core/xet-core/xet_client/src/common/http_client.rs","line_number":288}
{"timestamp":"2026-08-29T17:52:32.494284Z","level":"INFO","fields":{"message":"Received CAS response","request_id":"01M17ADP57MCYA37W5JY4XVNX5","status_code":416},"filename":"/home/runner/work/xet-core/xet-core/xet_client/src/common/http_client.rs","line_number":288}
{"timestamp":"2026-08-29T17:52:32.494314Z","level":"INFO","fields":{"message":"Reached end of reconstruction 416 (Range Not Satisfiable): \"cas::get_reconstruction_v2\" api call failed (request id 01M17ADP57WYFPNG6FP1G24T9A): HTTP status client error (416 Range Not Satisfiable) for url (https://cas-server.xethub.hf.co/v2/reconstructions/ceef70ee5c068f2e8ec2ea787d1566d2f5846b612f0e0a3879edffa246dc91cf)"},"filename":"/home/runner/work/xet-core/xet-core/xet_client/src/cas_client/retry_wrapper.rs","line_number":189}
{"timestamp":"2026-08-29T17:52:32.494326Z","level":"INFO","fields":{"message":"Reached end of reconstruction 416 (Range Not Satisfiable): \"cas::get_reconstruction_v2\" api call failed (request id 01M17ADP57MCYA37W5JY4XVNX5): HTTP status client error (416 Range Not Satisfiable) for url (https://cas-server.xethub.hf.co/v2/reconstructions/ceef70ee5c068f2e8ec2ea787d1566d2f5846b612f0e0a3879edffa246dc91cf)"},"filename":"/home/runner/work/xet-core/xet-core/xet_client/src/cas_client/retry_wrapper.rs","line_number":189}
{"timestamp":"2026-08-29T17:52:32.545026Z","level":"INFO","fields":{"message":"Received CAS response","request_id":"01M17ADP57G9W4CRX0FFPYZ1R2","status_code":200},"filename":"/home/runner/work/xet-core/xet-core/xet_client/src/common/http_client.rs","line_number":288}
{"timestamp":"2026-08-29T17:52:32.545050Z","level":"INFO","fields":{"message":"Request Success: cas::get_reconstruction_v2 api call succeeded (request id 01M17ADP57G9W4CRX0FFPYZ1R2)."},"filename":"/home/runner/work/xet-core/xet-core/xet_client/src/cas_client/retry_wrapper.rs","line_number":237}
{"timestamp":"2026-08-29T17:52:32.545093Z","level":"INFO","fields":{"message":"Completed get_reconstruction API call","call_id":2,"file_id":"ceef70ee5c068f2e8ec2ea787d1566d2f5846b612f0e0a3879edffa246dc91cf","bytes_range":"Some(Range { start: 0, end: 256000000 })","api_version":"v2"},"filename":"/home/runner/work/xet-core/xet-core/xet_client/src/cas_client/remote_client.rs","line_number":238}
{"timestamp":"2026-08-29T17:52:32.545129Z","level":"INFO","fields":{"message":"Received block of file terms from prefetch queue","file_hash":"ceef70ee5c068f2e8ec2ea787d1566d2f5846b612f0e0a3879edffa246dc91cf","domain":"us.aws.cdn.hf.co","block_start":0,"block_end":2464616,"block_size":1},"filename":"/home/runner/work/xet-core/xet-core/xet_data/src/file_reconstruction/reconstruction_terms/manager.rs","line_number":156}
{"timestamp":"2026-08-29T17:52:32.545167Z","level":"INFO","fields":{"message":"Updated completion rate estimate based on previous block completion time (seconds).","file_hash":"ceef70ee5c068f2e8ec2ea787d1566d2f5846b612f0e0a3879edffa246dc91cf","block_start":0,"block_end":2464616,"block_size":2464616,"completion_time":0.00003527},"filename":"/home/runner/work/xet-core/xet-core/xet_data/src/file_reconstruction/reconstruction_terms/manager.rs","line_number":109}
{"timestamp":"2026-08-29T17:52:32.545180Z","level":"INFO","fields":{"message":"Completed prefetch queue; end of file reached.","file_hash":"ceef70ee5c068f2e8ec2ea787d1566d2f5846b612f0e0a3879edffa246dc91cf","prefetched_byte_position":1024000000},"filename":"/home/runner/work/xet-core/xet-core/xet_data/src/file_reconstruction/reconstruction_terms/manager.rs","line_number":183}
{"timestamp":"2026-08-29T17:52:32.545189Z","level":"INFO","fields":{"message":"All term blocks received and scheduled for writing","file_hash":"ceef70ee5c068f2e8ec2ea787d1566d2f5846b612f0e0a3879edffa246dc91cf","block_count":1,"total_terms_processed":1,"total_bytes_scheduled":2464616},"filename":"/home/runner/work/xet-core/xet-core/xet_data/src/file_reconstruction/run_state.rs","line_number":150}
{"timestamp":"2026-08-29T17:52:32.545200Z","level":"INFO","fields":{"message":"Retry strategy","retry":"RetryWrapper { max_attempts: 5, base_delay: 3s, max_duration: 360s, no_retry_on_429: false, retry_on_403: true, expected_416: false, expected_404: false, log_errors_as_info: false, api_tag: \"s3::get_range\", has_connection_permit: true }"},"filename":"/home/runner/work/xet-core/xet-core/xet_client/src/cas_client/retry_wrapper.rs","line_number":274}
{"timestamp":"2026-08-29T17:52:32.725066Z","level":"INFO","fields":{"message":"Received CAS response","request_id":"01M17ADPDFB0A7HBDRNKTYQGH2","status_code":206},"filename":"/home/runner/work/xet-core/xet-core/xet_client/src/common/http_client.rs","line_number":288}
{"timestamp":"2026-08-29T17:52:32.725095Z","level":"INFO","fields":{"message":"Request Success: s3::get_range api call succeeded (request id 01M17ADPDFB0A7HBDRNKTYQGH2)."},"filename":"/home/runner/work/xet-core/xet-core/xet_client/src/cas_client/retry_wrapper.rs","line_number":237}
{"timestamp":"2026-08-29T17:52:33.404228Z","level":"INFO","fields":{"message":"File reconstruction completed successfully","file_hash":"ceef70ee5c068f2e8ec2ea787d1566d2f5846b612f0e0a3879edffa246dc91cf","block_count":1,"total_terms_processed":1,"total_bytes_scheduled":2464616},"filename":"/home/runner/work/xet-core/xet-core/xet_data/src/file_reconstruction/run_state.rs","line_number":150}
